
══ CI external-security: 1 required suite(s) ══

[1/1] Dependency Audit Policy — scripts/dependency-audit-policy.ts
{
  "policy": "fail on reachable critical/high",
  "full": {
    "info": 0,
    "low": 1,
    "moderate": 7,
    "high": 0,
    "critical": 0,
    "total": 8
  },
  "production": {
    "info": 0,
    "low": 1,
    "moderate": 7,
    "high": 0,
    "critical": 0,
    "total": 8
  }
}
PASS dependency audit policy: both full and production reports validated; zero high/critical findings.

✓ CI external-security completed: 1/1 suites passed.
