[Certification suite deterministic-integration] disposable Redis namespace confirmed: ci_certification_2061_browser_final_3fd5219e363c4f179e30273fafad1153_
[Certification suite deterministic-integration] disposable database confirmed: test_stage3_gate8
[Stage 3 A authority] disposable database confirmed: test_stage3_gate8
[CanonicalURL] ⚠️  Neither APP_URL nor REPLIT_DOMAINS is set. Email verification/reset links will point to libertybancard.com. Set APP_URL=<your deployment URL> in Replit Secrets to fix.
[CanonicalURL] Resolved: https://libertybancard.com (source: static_fallback)
(node:44228) DeprecationWarning: Calling client.query() when the client is already executing a query is deprecated and will be removed in pg@9.0. Use async/await or an external async flow control mechanism instead.
(Use `node --trace-deprecation ...` to show where the warning was created)
Operational diagnostic {
  correlationId: '3070fe6a-48d2-4c3a-b04f-a5b358ecf884',
  operation: 'auth_admin_seed',
  errorClass: 'Error',
  reasonCode: 'admin_seed_failed',
  route: 'background',
  method: 'N/A',
  status: 0
}
PASS real owned-deal collection versus direct-object policy, changed-deal scope, concurrent contact-owner recheck and consent block; zero enrollment/tag/provider effects
PASS actual session cold/workflow authorization, CSRF, whole-set denial, replay and no-tag outcomes
PASS DB same-scope task list/metric/open-state/deletion/date parity
PASS independent DB 2-step/3-membership counts and repeated-contact identity
PASS full >5000 scoped forecast population, unavailable actuals and zero provider calls
PASS actual session rows/facet-cache/export ID parity across actor/class/archive/empty populations; restricted export and shared phone search retained
PASS task linked class/archive/owner/ticket/unlinked/empty-state and inclusive/exclusive date boundaries; canonical NOT NULL states preserved
{"event":"db:slow_query","correlationId":null,"normalizedRoute":null,"acquireWaitMs":null,"queryDurationMs":0,"checkoutDurationMs":null,"fingerprintSql":"SELECT COUNT(*)::int AS total, COUNT(*) FILTER(WHERE COALESCE(\"tasks\".\"authority_state\", CASE WHEN lower(\"tasks\".\"status","poolAtAcquire":{"total":5,"idle":3,"waiting":5},"poolAtRelease":{"total":12,"idle":10,"waiting":0},"ts":"2026-10-03T17:03:31.985Z"}
{"event":"db:slow_query","correlationId":null,"normalizedRoute":null,"acquireWaitMs":null,"queryDurationMs":0,"checkoutDurationMs":null,"fingerprintSql":"SELECT COUNT(*)::int AS total, COUNT(*) FILTER(WHERE COALESCE(\"tasks\".\"authority_state\", CASE WHEN lower(\"tasks\".\"status","poolAtAcquire":{"total":12,"idle":10,"waiting":5},"poolAtRelease":{"total":12,"idle":8,"waiting":0},"ts":"2026-10-03T17:03:31.985Z"}
{"event":"db:slow_query","correlationId":null,"normalizedRoute":null,"acquireWaitMs":null,"queryDurationMs":0,"checkoutDurationMs":null,"fingerprintSql":"SELECT COUNT(*)::int AS total, COUNT(*) FILTER(WHERE COALESCE(\"tasks\".\"authority_state\", CASE WHEN lower(\"tasks\".\"status","poolAtAcquire":{"total":12,"idle":12,"waiting":5},"poolAtRelease":{"total":12,"idle":10,"waiting":0},"ts":"2026-10-03T17:03:31.985Z"}
PASS actual same-clock task HTTP list/overview/analytics/briefing parity and scoped agent contact/deal scalar reads
Internal server error {
  correlationId: '11c6bccf-d0dd-40f4-9ba6-1d084843881a',
  errorClass: 'Error',
  reasonCode: 'internal_error',
  route: '/api/sequence-enrollments/owned',
  method: 'GET',
  status: 500
}
PASS empty sequence DB counts, real manager owned-positive/global-and-other-denied sessions and failed read not empty
PASS archived/test recommendations excluded, rejected recommendation remains only a forecast and missing monthly cost is unavailable
Internal server error {
  correlationId: 'ef1a0725-82ae-444d-a9f6-4f912ab53c6b',
  errorClass: 'Error',
  reasonCode: 'internal_error',
  route: '/api/contacts',
  method: 'POST',
  status: 500
}
[Readiness] Failed to enqueue recalculation for contact 42: QueueManager not yet initialized — use getQueueManager() from server/index.ts startup, not from route handlers or health probes. This prevents lazy worker initialization from HTTP requests.
[LeadScoringTrigger] Unexpected error for contact 42: Failed query: 
      INSERT INTO contact_lead_scoring_jobs
        (contact_id, requested_generation, processed_generation, status, trigger_sources,
         input_version_snapshot, enqueue_attempts, execution_attempts, created_at, updated_at)
      VALUES
        ($1, 1, 0, 'pending_enqueue', ARRAY[$2::text],
         $3, 0, 0, NOW(), NOW())
      ON CONFLICT (contact_id) WHERE status NOT IN ('completed', 'contact_not_found', 'failed_terminal')
      DO UPDATE SET
        requested_generation = contact_lead_scoring_jobs.requested_generation + 1,
        trigger_sources      = array_append(contact_lead_scoring_jobs.trigger_sources, $4::text),
        status               = 'pending_enqueue',
        updated_at           = NOW()
      RETURNING id, (xmax = 0) AS was_inserted
    
params: 42,contact_created,Sat Oct 03 2026 17:03:32 GMT+0000 (Coordinated Universal Time),contact_created
[ContactWriter] Lead scoring enqueued for contact 42: deferred
[Readiness] Failed to enqueue recalculation for contact 43: QueueManager not yet initialized — use getQueueManager() from server/index.ts startup, not from route handlers or health probes. This prevents lazy worker initialization from HTTP requests.
[LeadScoringTrigger] Unexpected error for contact 43: Failed query: 
      INSERT INTO contact_lead_scoring_jobs
        (contact_id, requested_generation, processed_generation, status, trigger_sources,
         input_version_snapshot, enqueue_attempts, execution_attempts, created_at, updated_at)
      VALUES
        ($1, 1, 0, 'pending_enqueue', ARRAY[$2::text],
         $3, 0, 0, NOW(), NOW())
      ON CONFLICT (contact_id) WHERE status NOT IN ('completed', 'contact_not_found', 'failed_terminal')
      DO UPDATE SET
        requested_generation = contact_lead_scoring_jobs.requested_generation + 1,
        trigger_sources      = array_append(contact_lead_scoring_jobs.trigger_sources, $4::text),
        status               = 'pending_enqueue',
        updated_at           = NOW()
      RETURNING id, (xmax = 0) AS was_inserted
    
params: 43,contact_created,Sat Oct 03 2026 17:03:32 GMT+0000 (Coordinated Universal Time),contact_created
[ContactWriter] Lead scoring enqueued for contact 43: deferred
[Readiness] Failed to enqueue recalculation for contact 43: QueueManager not yet initialized — use getQueueManager() from server/index.ts startup, not from route handlers or health probes. This prevents lazy worker initialization from HTTP requests.
[LeadScoringTrigger] Unexpected error for contact 43: Failed query: 
      INSERT INTO contact_lead_scoring_jobs
        (contact_id, requested_generation, processed_generation, status, trigger_sources,
         input_version_snapshot, enqueue_attempts, execution_attempts, created_at, updated_at)
      VALUES
        ($1, 1, 0, 'pending_enqueue', ARRAY[$2::text],
         $3, 0, 0, NOW(), NOW())
      ON CONFLICT (contact_id) WHERE status NOT IN ('completed', 'contact_not_found', 'failed_terminal')
      DO UPDATE SET
        requested_generation = contact_lead_scoring_jobs.requested_generation + 1,
        trigger_sources      = array_append(contact_lead_scoring_jobs.trigger_sources, $4::text),
        status               = 'pending_enqueue',
        updated_at           = NOW()
      RETURNING id, (xmax = 0) AS was_inserted
    
params: 43,contact_created,Sat Oct 03 2026 17:03:32 GMT+0000 (Coordinated Universal Time),contact_created
[ContactWriter] Lead scoring enqueued for contact 43: deferred
[Readiness] Failed to enqueue recalculation for contact 44: QueueManager not yet initialized — use getQueueManager() from server/index.ts startup, not from route handlers or health probes. This prevents lazy worker initialization from HTTP requests.
[LeadScoringTrigger] Unexpected error for contact 44: Failed query: 
      INSERT INTO contact_lead_scoring_jobs
        (contact_id, requested_generation, processed_generation, status, trigger_sources,
         input_version_snapshot, enqueue_attempts, execution_attempts, created_at, updated_at)
      VALUES
        ($1, 1, 0, 'pending_enqueue', ARRAY[$2::text],
         $3, 0, 0, NOW(), NOW())
      ON CONFLICT (contact_id) WHERE status NOT IN ('completed', 'contact_not_found', 'failed_terminal')
      DO UPDATE SET
        requested_generation = contact_lead_scoring_jobs.requested_generation + 1,
        trigger_sources      = array_append(contact_lead_scoring_jobs.trigger_sources, $4::text),
        status               = 'pending_enqueue',
        updated_at           = NOW()
      RETURNING id, (xmax = 0) AS was_inserted
    
params: 44,contact_created,Sat Oct 03 2026 17:03:32 GMT+0000 (Coordinated Universal Time),contact_created
[ContactWriter] Lead scoring enqueued for contact 44: deferred
[Readiness] Failed to enqueue recalculation for contact 44: QueueManager not yet initialized — use getQueueManager() from server/index.ts startup, not from route handlers or health probes. This prevents lazy worker initialization from HTTP requests.
[LeadScoringTrigger] Unexpected error for contact 44: Failed query: 
      INSERT INTO contact_lead_scoring_jobs
        (contact_id, requested_generation, processed_generation, status, trigger_sources,
         input_version_snapshot, enqueue_attempts, execution_attempts, created_at, updated_at)
      VALUES
        ($1, 1, 0, 'pending_enqueue', ARRAY[$2::text],
         $3, 0, 0, NOW(), NOW())
      ON CONFLICT (contact_id) WHERE status NOT IN ('completed', 'contact_not_found', 'failed_terminal')
      DO UPDATE SET
        requested_generation = contact_lead_scoring_jobs.requested_generation + 1,
        trigger_sources      = array_append(contact_lead_scoring_jobs.trigger_sources, $4::text),
        status               = 'pending_enqueue',
        updated_at           = NOW()
      RETURNING id, (xmax = 0) AS was_inserted
    
params: 44,contact_created,Sat Oct 03 2026 17:03:32 GMT+0000 (Coordinated Universal Time),contact_created
[ContactWriter] Lead scoring enqueued for contact 44: deferred
[Readiness] Failed to enqueue recalculation for contact 45: QueueManager not yet initialized — use getQueueManager() from server/index.ts startup, not from route handlers or health probes. This prevents lazy worker initialization from HTTP requests.
[LeadScoringTrigger] Unexpected error for contact 45: Failed query: 
      INSERT INTO contact_lead_scoring_jobs
        (contact_id, requested_generation, processed_generation, status, trigger_sources,
         input_version_snapshot, enqueue_attempts, execution_attempts, created_at, updated_at)
      VALUES
        ($1, 1, 0, 'pending_enqueue', ARRAY[$2::text],
         $3, 0, 0, NOW(), NOW())
      ON CONFLICT (contact_id) WHERE status NOT IN ('completed', 'contact_not_found', 'failed_terminal')
      DO UPDATE SET
        requested_generation = contact_lead_scoring_jobs.requested_generation + 1,
        trigger_sources      = array_append(contact_lead_scoring_jobs.trigger_sources, $4::text),
        status               = 'pending_enqueue',
        updated_at           = NOW()
      RETURNING id, (xmax = 0) AS was_inserted
    
params: 45,contact_created,Sat Oct 03 2026 17:03:33 GMT+0000 (Coordinated Universal Time),contact_created
[ContactWriter] Lead scoring enqueued for contact 45: deferred
[Readiness] Failed to enqueue recalculation for contact 46: QueueManager not yet initialized — use getQueueManager() from server/index.ts startup, not from route handlers or health probes. This prevents lazy worker initialization from HTTP requests.
[LeadScoringTrigger] Unexpected error for contact 46: Failed query: 
      INSERT INTO contact_lead_scoring_jobs
        (contact_id, requested_generation, processed_generation, status, trigger_sources,
         input_version_snapshot, enqueue_attempts, execution_attempts, created_at, updated_at)
      VALUES
        ($1, 1, 0, 'pending_enqueue', ARRAY[$2::text],
         $3, 0, 0, NOW(), NOW())
      ON CONFLICT (contact_id) WHERE status NOT IN ('completed', 'contact_not_found', 'failed_terminal')
      DO UPDATE SET
        requested_generation = contact_lead_scoring_jobs.requested_generation + 1,
        trigger_sources      = array_append(contact_lead_scoring_jobs.trigger_sources, $4::text),
        status               = 'pending_enqueue',
        updated_at           = NOW()
      RETURNING id, (xmax = 0) AS was_inserted
    
params: 46,contact_created,Sat Oct 03 2026 17:03:33 GMT+0000 (Coordinated Universal Time),contact_created
[ContactWriter] Lead scoring enqueued for contact 46: deferred
[Readiness] Failed to enqueue recalculation for contact 46: QueueManager not yet initialized — use getQueueManager() from server/index.ts startup, not from route handlers or health probes. This prevents lazy worker initialization from HTTP requests.
[LeadScoringTrigger] Unexpected error for contact 46: Failed query: 
      INSERT INTO contact_lead_scoring_jobs
        (contact_id, requested_generation, processed_generation, status, trigger_sources,
         input_version_snapshot, enqueue_attempts, execution_attempts, created_at, updated_at)
      VALUES
        ($1, 1, 0, 'pending_enqueue', ARRAY[$2::text],
         $3, 0, 0, NOW(), NOW())
      ON CONFLICT (contact_id) WHERE status NOT IN ('completed', 'contact_not_found', 'failed_terminal')
      DO UPDATE SET
        requested_generation = contact_lead_scoring_jobs.requested_generation + 1,
        trigger_sources      = array_append(contact_lead_scoring_jobs.trigger_sources, $4::text),
        status               = 'pending_enqueue',
        updated_at           = NOW()
      RETURNING id, (xmax = 0) AS was_inserted
    
params: 46,contact_created,Sat Oct 03 2026 17:03:33 GMT+0000 (Coordinated Universal Time),contact_created
[ContactWriter] Lead scoring enqueued for contact 46: deferred
[Readiness] Failed to enqueue recalculation for contact 47: QueueManager not yet initialized — use getQueueManager() from server/index.ts startup, not from route handlers or health probes. This prevents lazy worker initialization from HTTP requests.
[LeadScoringTrigger] Unexpected error for contact 47: Failed query: 
      INSERT INTO contact_lead_scoring_jobs
        (contact_id, requested_generation, processed_generation, status, trigger_sources,
         input_version_snapshot, enqueue_attempts, execution_attempts, created_at, updated_at)
      VALUES
        ($1, 1, 0, 'pending_enqueue', ARRAY[$2::text],
         $3, 0, 0, NOW(), NOW())
      ON CONFLICT (contact_id) WHERE status NOT IN ('completed', 'contact_not_found', 'failed_terminal')
      DO UPDATE SET
        requested_generation = contact_lead_scoring_jobs.requested_generation + 1,
        trigger_sources      = array_append(contact_lead_scoring_jobs.trigger_sources, $4::text),
        status               = 'pending_enqueue',
        updated_at           = NOW()
      RETURNING id, (xmax = 0) AS was_inserted
    
params: 47,contact_created,Sat Oct 03 2026 17:03:33 GMT+0000 (Coordinated Universal Time),contact_created
[ContactWriter] Lead scoring enqueued for contact 47: deferred
[Readiness] Failed to enqueue recalculation for contact 47: QueueManager not yet initialized — use getQueueManager() from server/index.ts startup, not from route handlers or health probes. This prevents lazy worker initialization from HTTP requests.
[LeadScoringTrigger] Unexpected error for contact 47: Failed query: 
      INSERT INTO contact_lead_scoring_jobs
        (contact_id, requested_generation, processed_generation, status, trigger_sources,
         input_version_snapshot, enqueue_attempts, execution_attempts, created_at, updated_at)
      VALUES
        ($1, 1, 0, 'pending_enqueue', ARRAY[$2::text],
         $3, 0, 0, NOW(), NOW())
      ON CONFLICT (contact_id) WHERE status NOT IN ('completed', 'contact_not_found', 'failed_terminal')
      DO UPDATE SET
        requested_generation = contact_lead_scoring_jobs.requested_generation + 1,
        trigger_sources      = array_append(contact_lead_scoring_jobs.trigger_sources, $4::text),
        status               = 'pending_enqueue',
        updated_at           = NOW()
      RETURNING id, (xmax = 0) AS was_inserted
    
params: 47,contact_created,Sat Oct 03 2026 17:03:33 GMT+0000 (Coordinated Universal Time),contact_created
[ContactWriter] Lead scoring enqueued for contact 47: deferred
[Readiness] Failed to enqueue recalculation for contact 48: QueueManager not yet initialized — use getQueueManager() from server/index.ts startup, not from route handlers or health probes. This prevents lazy worker initialization from HTTP requests.
[LeadScoringTrigger] Unexpected error for contact 48: Failed query: 
      INSERT INTO contact_lead_scoring_jobs
        (contact_id, requested_generation, processed_generation, status, trigger_sources,
         input_version_snapshot, enqueue_attempts, execution_attempts, created_at, updated_at)
      VALUES
        ($1, 1, 0, 'pending_enqueue', ARRAY[$2::text],
         $3, 0, 0, NOW(), NOW())
      ON CONFLICT (contact_id) WHERE status NOT IN ('completed', 'contact_not_found', 'failed_terminal')
      DO UPDATE SET
        requested_generation = contact_lead_scoring_jobs.requested_generation + 1,
        trigger_sources      = array_append(contact_lead_scoring_jobs.trigger_sources, $4::text),
        status               = 'pending_enqueue',
        updated_at           = NOW()
      RETURNING id, (xmax = 0) AS was_inserted
    
params: 48,contact_created,Sat Oct 03 2026 17:03:33 GMT+0000 (Coordinated Universal Time),contact_created
[ContactWriter] Lead scoring enqueued for contact 48: deferred
[Readiness] Failed to enqueue recalculation for contact 49: QueueManager not yet initialized — use getQueueManager() from server/index.ts startup, not from route handlers or health probes. This prevents lazy worker initialization from HTTP requests.
[LeadScoringTrigger] Unexpected error for contact 49: Failed query: 
      INSERT INTO contact_lead_scoring_jobs
        (contact_id, requested_generation, processed_generation, status, trigger_sources,
         input_version_snapshot, enqueue_attempts, execution_attempts, created_at, updated_at)
      VALUES
        ($1, 1, 0, 'pending_enqueue', ARRAY[$2::text],
         $3, 0, 0, NOW(), NOW())
      ON CONFLICT (contact_id) WHERE status NOT IN ('completed', 'contact_not_found', 'failed_terminal')
      DO UPDATE SET
        requested_generation = contact_lead_scoring_jobs.requested_generation + 1,
        trigger_sources      = array_append(contact_lead_scoring_jobs.trigger_sources, $4::text),
        status               = 'pending_enqueue',
        updated_at           = NOW()
      RETURNING id, (xmax = 0) AS was_inserted
    
params: 49,contact_created,Sat Oct 03 2026 17:03:34 GMT+0000 (Coordinated Universal Time),contact_created
[ContactWriter] Lead scoring enqueued for contact 49: deferred
PASS real manual-create pre/postcommit timeout, orchestration/task failures, stable identity, conflict/scope denial and concurrent replay; one contact/task, external effects held
PASS actual DB link/work-link/effect boundary faults recover the persisted contact and canonical one-task obligation; pending provider projection remains visible
